../Core/Src/libreria_7seg.c:43:6:onD1	16	static
../Core/Src/libreria_7seg.c:49:6:onD2	16	static
../Core/Src/libreria_7seg.c:55:6:onD3	16	static
../Core/Src/libreria_7seg.c:61:6:onD4	16	static
../Core/Src/libreria_7seg.c:67:6:offdisplays	8	static
../Core/Src/libreria_7seg.c:74:6:DisplaysInit	8	static
../Core/Src/libreria_7seg.c:82:6:DisplaysOFF	8	static
../Core/Src/libreria_7seg.c:87:6:clear	8	static
../Core/Src/libreria_7seg.c:98:6:cero	8	static
../Core/Src/libreria_7seg.c:108:6:uno	8	static
../Core/Src/libreria_7seg.c:113:6:dos	8	static
../Core/Src/libreria_7seg.c:121:6:tres	8	static
../Core/Src/libreria_7seg.c:129:6:cuatro	8	static
../Core/Src/libreria_7seg.c:136:6:cinco	8	static
../Core/Src/libreria_7seg.c:144:6:seis	8	static
../Core/Src/libreria_7seg.c:152:6:siete	8	static
../Core/Src/libreria_7seg.c:158:6:ocho	8	static
../Core/Src/libreria_7seg.c:167:6:nueve	8	static
../Core/Src/libreria_7seg.c:175:6:deco	16	static
../Core/Src/libreria_7seg.c:220:10:acondicionamiento	24	static
../Core/Src/libreria_7seg.c:251:6:periferico_7Segmentos	32	static
../Core/Src/libreria_7seg.c:283:6:print_displays_float	16	static
../Core/Src/libreria_7seg.c:287:6:print_displays_cad	40	static
../Core/Src/libreria_7seg.c:326:6:HAL_TIM_PeriodElapsedCallback	16	static
../Core/Src/libreria_7seg.c:338:13:MX_TIM2_Init	32	static
